
> genetiq-app@0.0.0 build
> tsc -b && vite build

src/Views/Landing/Landing.tsx(1,28): error TS6133: 'useEffect' is declared but its value is never read.
src/Views/Landing/Landing.tsx(13,3): error TS6133: 'Plus' is declared but its value is never read.
src/Views/Landing/Landing.tsx(14,3): error TS6133: 'Minus' is declared but its value is never read.
src/Views/Landing/Landing.tsx(17,3): error TS6133: 'Lock' is declared but its value is never read.
src/Views/Landing/Landing.tsx(18,3): error TS6133: 'Cpu' is declared but its value is never read.
src/Views/Landing/Landing.tsx(25,11): error TS6196: 'ChatMessage' is declared but never used.
